[0m[[0m[0mdebug[0m] [0m[0m> Exec(testOnly FunctionalTest, None, None)[0m
[0m[[0m[33mwarn[0m] [0m[0mbuild source files have changed[0m
[0m[[0m[33mwarn[0m] [0m[0mmodified files: [0m
[0m[[0m[33mwarn[0m] [0m[0m  /Users/loganchoi/Desktop/CSHub-Fall2025/backend/project/plugins.sbt[0m
[0m[[0m[33mwarn[0m] [0m[0mApply these changes by running `reload`.[0m
[0m[[0m[33mwarn[0m] [0m[0mAutomatically reload the build when source changes are detected by setting `Global / onChangedBuildSource := ReloadOnSourceChanges`.[0m
[0m[[0m[33mwarn[0m] [0m[0mDisable this warning by setting `Global / onChangedBuildSource := IgnoreSourceChanges`.[0m
[0m[[0m[0mdebug[0m] [0m[0mEvaluating tasks: Test / testOnly[0m
[0m[[0m[0mdebug[0m] [0m[0mRunning task... Cancel: Signal, check cycles: false, forcegc: true[0m
[0m[[0m[0mdebug[0m] [0m[0mExporting web-assets:basicframework[0m
[0m[[0m[31merror[0m] [0m[0mjava.lang.NoClassDefFoundError: Could not initialize class play.twirl.compiler.TwirlCompiler$TemplateAsFunctionCompiler$PresentationCompiler$[0m
[0m[[0m[31merror[0m] [0m[0m	at play.twirl.compiler.TwirlCompiler$TemplateAsFunctionCompiler$.getFunctionMapping(TwirlCompiler.scala:425)[0m
[0m[[0m[31merror[0m] [0m[0m	at play.twirl.compiler.TwirlCompiler$.generateCode(TwirlCompiler.scala:326)[0m
[0m[[0m[31merror[0m] [0m[0m	at play.twirl.compiler.TwirlCompiler$.generateFinalTemplate(TwirlCompiler.scala:377)[0m
[0m[[0m[31merror[0m] [0m[0m	at play.twirl.compiler.TwirlCompiler$.parseAndGenerateCode(TwirlCompiler.scala:206)[0m
[0m[[0m[31merror[0m] [0m[0m	at play.twirl.compiler.TwirlCompiler$.compile(TwirlCompiler.scala:174)[0m
[0m[[0m[31merror[0m] [0m[0m	at play.twirl.sbt.TemplateCompiler$.$anonfun$compile$2(TemplateCompiler.scala:42)[0m
[0m[[0m[31merror[0m] [0m[0m	at scala.collection.TraversableLike$WithFilter.$anonfun$foreach$1(TraversableLike.scala:985)[0m
[0m[[0m[31merror[0m] [0m[0m	at scala.collection.immutable.List.foreach(List.scala:431)[0m
[0m[[0m[31merror[0m] [0m[0m	at scala.collection.TraversableLike$WithFilter.foreach(TraversableLike.scala:984)[0m
[0m[[0m[31merror[0m] [0m[0m	at play.twirl.sbt.TemplateCompiler$.compile(TemplateCompiler.scala:39)[0m
[0m[[0m[31merror[0m] [0m[0m	at play.twirl.sbt.SbtTwirl$.$anonfun$compileTemplatesTask$1(SbtTwirl.scala:111)[0m
[0m[[0m[31merror[0m] [0m[0m	at scala.Function1.$anonfun$compose$1(Function1.scala:49)[0m
[0m[[0m[31merror[0m] [0m[0m	at sbt.internal.util.$tilde$greater.$anonfun$$u2219$1(TypeFunctions.scala:62)[0m
[0m[[0m[31merror[0m] [0m[0m	at sbt.std.Transform$$anon$4.work(Transform.scala:68)[0m
[0m[[0m[31merror[0m] [0m[0m	at sbt.Execute.$anonfun$submit$2(Execute.scala:282)[0m
[0m[[0m[31merror[0m] [0m[0m	at sbt.internal.util.ErrorHandling$.wideConvert(ErrorHandling.scala:23)[0m
[0m[[0m[31merror[0m] [0m[0m	at sbt.Execute.work(Execute.scala:291)[0m
[0m[[0m[31merror[0m] [0m[0m	at sbt.Execute.$anonfun$submit$1(Execute.scala:282)[0m
[0m[[0m[31merror[0m] [0m[0m	at sbt.ConcurrentRestrictions$$anon$4.$anonfun$submitValid$1(ConcurrentRestrictions.scala:265)[0m
[0m[[0m[31merror[0m] [0m[0m	at sbt.CompletionService$$anon$2.call(CompletionService.scala:64)[0m
[0m[[0m[31merror[0m] [0m[0m	at java.util.concurrent.FutureTask.run(FutureTask.java:266)[0m
[0m[[0m[31merror[0m] [0m[0m	at java.util.concurrent.Executors$RunnableAdapter.call(Executors.java:511)[0m
[0m[[0m[31merror[0m] [0m[0m	at java.util.concurrent.FutureTask.run(FutureTask.java:266)[0m
[0m[[0m[31merror[0m] [0m[0m	at java.util.concurrent.ThreadPoolExecutor.runWorker(ThreadPoolExecutor.java:1149)[0m
[0m[[0m[31merror[0m] [0m[0m	at java.util.concurrent.ThreadPoolExecutor$Worker.run(ThreadPoolExecutor.java:624)[0m
[0m[[0m[31merror[0m] [0m[0m	at java.lang.Thread.run(Thread.java:750)[0m
[0m[[0m[31merror[0m] [0m[0m(Compile / [31mtwirlCompileTemplates[0m) java.lang.NoClassDefFoundError: Could not initialize class play.twirl.compiler.TwirlCompiler$TemplateAsFunctionCompiler$PresentationCompiler$[0m
[0m[[0m[31merror[0m] [0m[0mTotal time: 0 s, completed Apr 20, 2026 11:56:32 AM[0m
[0m[[0m[0mdebug[0m] [0m[0m> Exec(idea-shell, None, None)[0m
