[0m[[0m[0mdebug[0m] [0m[0m> Exec(test, None, None)[0m
[0m[[0m[0mdebug[0m] [0m[0mEvaluating tasks: Test / test[0m
[0m[[0m[0mdebug[0m] [0m[0mRunning task... Cancel: Signal, check cycles: false, forcegc: true[0m
[0m[[0m[0mdebug[0m] [0m[0mExporting web-assets:basicframework[0m
[0m[[0m[0minfo[0m] [0m[0mcompiling 8 Scala sources and 104 Java sources to /Users/loganchoi/Desktop/scihub/backend/target/scala-2.12/classes ...[0m
[0m[[0m[0minfo[0m] [0m[0m/Users/loganchoi/Desktop/scihub/backend/app/configs/AwsS3ClientConfig.java: Some input files use or override a deprecated API.[0m
[0m[[0m[0minfo[0m] [0m[0m/Users/loganchoi/Desktop/scihub/backend/app/configs/AwsS3ClientConfig.java: Recompile with -Xlint:deprecation for details.[0m
[0m[[0m[0minfo[0m] [0m[0m/Users/loganchoi/Desktop/scihub/backend/app/controllers/PaperController.java: PaperController.java uses unchecked or unsafe operations.[0m
[0m[[0m[0minfo[0m] [0m[0m/Users/loganchoi/Desktop/scihub/backend/app/controllers/PaperController.java: Recompile with -Xlint:unchecked for details.[0m
[0m[[0m[0minfo[0m] [0m[0mdone compiling[0m
[0m[[0m[31merror[0m] [0m[0mjava.lang.ClassCastException: sbt.internal.inc.MappedVirtualFile cannot be cast to java.io.File[0m
[0m[[0m[31merror[0m] [0m[0m	at scala.collection.TraversableOnce$folder$1.apply(TraversableOnce.scala:196)[0m
[0m[[0m[31merror[0m] [0m[0m	at scala.collection.TraversableOnce$folder$1.apply(TraversableOnce.scala:194)[0m
[0m[[0m[31merror[0m] [0m[0m	at scala.collection.immutable.HashMap$HashMapKeys.$anonfun$foreach$1(HashMap.scala:150)[0m
[0m[[0m[31merror[0m] [0m[0m	at scala.collection.immutable.HashMap$HashMap1.foreachEntry(HashMap.scala:401)[0m
[0m[[0m[31merror[0m] [0m[0m	at scala.collection.immutable.HashMap$HashTrieMap.foreachEntry(HashMap.scala:735)[0m
[0m[[0m[31merror[0m] [0m[0m	at scala.collection.immutable.HashMap$HashTrieMap.foreachEntry(HashMap.scala:735)[0m
[0m[[0m[31merror[0m] [0m[0m	at scala.collection.immutable.HashMap$HashTrieMap.foreachEntry(HashMap.scala:735)[0m
[0m[[0m[31merror[0m] [0m[0m	at scala.collection.immutable.HashMap$HashMapKeys.foreach(HashMap.scala:150)[0m
[0m[[0m[31merror[0m] [0m[0m	at scala.collection.TraversableOnce.foldLeft(TraversableOnce.scala:199)[0m
[0m[[0m[31merror[0m] [0m[0m	at scala.collection.TraversableOnce.foldLeft$(TraversableOnce.scala:192)[0m
[0m[[0m[31merror[0m] [0m[0m	at scala.collection.AbstractTraversable.foldLeft(Traversable.scala:108)[0m
[0m[[0m[31merror[0m] [0m[0m	at play.ebean.sbt.PlayEbean$.$anonfun$ebeanEnhance$1(PlayEbean.scala:107)[0m
[0m[[0m[31merror[0m] [0m[0m	at scala.Function1.$anonfun$compose$1(Function1.scala:49)[0m
[0m[[0m[31merror[0m] [0m[0m	at sbt.internal.util.$tilde$greater.$anonfun$$u2219$1(TypeFunctions.scala:62)[0m
[0m[[0m[31merror[0m] [0m[0m	at sbt.std.Transform$$anon$4.work(Transform.scala:68)[0m
[0m[[0m[31merror[0m] [0m[0m	at sbt.Execute.$anonfun$submit$2(Execute.scala:282)[0m
[0m[[0m[31merror[0m] [0m[0m	at sbt.internal.util.ErrorHandling$.wideConvert(ErrorHandling.scala:23)[0m
[0m[[0m[31merror[0m] [0m[0m	at sbt.Execute.work(Execute.scala:291)[0m
[0m[[0m[31merror[0m] [0m[0m	at sbt.Execute.$anonfun$submit$1(Execute.scala:282)[0m
[0m[[0m[31merror[0m] [0m[0m	at sbt.ConcurrentRestrictions$$anon$4.$anonfun$submitValid$1(ConcurrentRestrictions.scala:265)[0m
[0m[[0m[31merror[0m] [0m[0m	at sbt.CompletionService$$anon$2.call(CompletionService.scala:64)[0m
[0m[[0m[31merror[0m] [0m[0m	at java.util.concurrent.FutureTask.run(FutureTask.java:266)[0m
[0m[[0m[31merror[0m] [0m[0m	at java.util.concurrent.Executors$RunnableAdapter.call(Executors.java:511)[0m
[0m[[0m[31merror[0m] [0m[0m	at java.util.concurrent.FutureTask.run(FutureTask.java:266)[0m
[0m[[0m[31merror[0m] [0m[0m	at java.util.concurrent.ThreadPoolExecutor.runWorker(ThreadPoolExecutor.java:1149)[0m
[0m[[0m[31merror[0m] [0m[0m	at java.util.concurrent.ThreadPoolExecutor$Worker.run(ThreadPoolExecutor.java:624)[0m
[0m[[0m[31merror[0m] [0m[0m	at java.lang.Thread.run(Thread.java:750)[0m
[0m[[0m[31merror[0m] [0m[0m(Compile / [31mmanipulateBytecode[0m) java.lang.ClassCastException: sbt.internal.inc.MappedVirtualFile cannot be cast to java.io.File[0m
[0m[[0m[31merror[0m] [0m[0mTotal time: 8 s, completed Apr 25, 2026 5:27:12 PM[0m
[0m[[0m[0mdebug[0m] [0m[0m> Exec(idea-shell, None, None)[0m
