[0m[[0m[0mdebug[0m] [0m[0m> Exec(run, None, None)[0m
[0m[[0m[0mdebug[0m] [0m[0mEvaluating tasks: Compile / run[0m
[0m[[0m[0mdebug[0m] [0m[0mRunning task... Cancel: Signal, check cycles: false, forcegc: true[0m
[0m[[0m[31merror[0m] [0m[0mjava.lang.UnsatisfiedLinkError: /Users/loganchoi/Library/Caches/JNA/temp/jna5375686242788932703.tmp: dlopen(/Users/loganchoi/Library/Caches/JNA/temp/jna5375686242788932703.tmp, 0x0001): tried: '/Users/loganchoi/Library/Caches/JNA/temp/jna5375686242788932703.tmp' (fat file, but missing compatible architecture (have 'i386,x86_64', need 'arm64e' or 'arm64')), '/System/Volumes/Preboot/Cryptexes/OS/Users/loganchoi/Library/Caches/JNA/temp/jna5375686242788932703.tmp' (no such file), '/Users/loganchoi/Library/Caches/JNA/temp/jna5375686242788932703.tmp' (fat file, but missing compatible architecture (have 'i386,x86_64', need 'arm64e' or 'arm64'))[0m
[0m[[0m[31merror[0m] [0m[0m	at java.lang.ClassLoader$NativeLibrary.load(Native Method)[0m
[0m[[0m[31merror[0m] [0m[0m	at java.lang.ClassLoader.loadLibrary0(ClassLoader.java:1934)[0m
[0m[[0m[31merror[0m] [0m[0m	at java.lang.ClassLoader.loadLibrary(ClassLoader.java:1817)[0m
[0m[[0m[31merror[0m] [0m[0m	at java.lang.Runtime.load0(Runtime.java:782)[0m
[0m[[0m[31merror[0m] [0m[0m	at java.lang.System.load(System.java:1100)[0m
[0m[[0m[31merror[0m] [0m[0m	at com.sun.jna.Native.loadNativeDispatchLibraryFromClasspath(Native.java:1018)[0m
[0m[[0m[31merror[0m] [0m[0m	at com.sun.jna.Native.loadNativeDispatchLibrary(Native.java:988)[0m
[0m[[0m[31merror[0m] [0m[0m	at com.sun.jna.Native.<clinit>(Native.java:195)[0m
[0m[[0m[31merror[0m] [0m[0m	at io.methvin.watchservice.jna.CarbonAPI.<clinit>(CarbonAPI.java:19)[0m
[0m[[0m[31merror[0m] [0m[0m	at io.methvin.watchservice.jna.CFStringRef.toCFString(CFStringRef.java:23)[0m
[0m[[0m[31merror[0m] [0m[0m	at io.methvin.watchservice.MacOSXListeningWatchService.register(MacOSXListeningWatchService.java:66)[0m
[0m[[0m[31merror[0m] [0m[0m	at io.methvin.watchservice.WatchablePath.register(WatchablePath.java:51)[0m
[0m[[0m[31merror[0m] [0m[0m	at io.methvin.watcher.DirectoryWatcher.register(DirectoryWatcher.java:233)[0m
[0m[[0m[31merror[0m] [0m[0m	at io.methvin.watcher.DirectoryWatcher.registerAll(DirectoryWatcher.java:203)[0m
[0m[[0m[31merror[0m] [0m[0m	at io.methvin.watcher.DirectoryWatcher.<init>(DirectoryWatcher.java:82)[0m
[0m[[0m[31merror[0m] [0m[0m	at play.dev.filewatch.DefaultFileWatchService.watch(DefaultFileWatchService.scala:36)[0m
[0m[[0m[31merror[0m] [0m[0m	at play.dev.filewatch.FileWatchService$$anon$1.watch(FileWatchService.scala:87)[0m
[0m[[0m[31merror[0m] [0m[0m	at play.runsupport.Reloader.<init>(Reloader.scala:359)[0m
[0m[[0m[31merror[0m] [0m[0m	at play.runsupport.Reloader$.reloader$lzycompute$1(Reloader.scala:220)[0m
[0m[[0m[31merror[0m] [0m[0m	at play.runsupport.Reloader$.play$runsupport$Reloader$$reloader$1(Reloader.scala:220)[0m
[0m[[0m[31merror[0m] [0m[0m	at play.runsupport.Reloader$.startDevMode(Reloader.scala:230)[0m
[0m[[0m[31merror[0m] [0m[0m	at play.sbt.run.PlayRun$.devModeServer$lzycompute$1(PlayRun.scala:95)[0m
[0m[[0m[31merror[0m] [0m[0m	at play.sbt.run.PlayRun$.devModeServer$1(PlayRun.scala:79)[0m
[0m[[0m[31merror[0m] [0m[0m	at play.sbt.run.PlayRun$.$anonfun$playRunTask$3(PlayRun.scala:102)[0m
[0m[[0m[31merror[0m] [0m[0m	at play.sbt.run.PlayRun$.$anonfun$playRunTask$3$adapted(PlayRun.scala:65)[0m
[0m[[0m[31merror[0m] [0m[0m	at scala.Function1.$anonfun$compose$1(Function1.scala:49)[0m
[0m[[0m[31merror[0m] [0m[0m	at sbt.internal.util.$tilde$greater.$anonfun$$u2219$1(TypeFunctions.scala:62)[0m
[0m[[0m[31merror[0m] [0m[0m	at sbt.std.Transform$$anon$4.work(Transform.scala:68)[0m
[0m[[0m[31merror[0m] [0m[0m	at sbt.Execute.$anonfun$submit$2(Execute.scala:282)[0m
[0m[[0m[31merror[0m] [0m[0m	at sbt.internal.util.ErrorHandling$.wideConvert(ErrorHandling.scala:23)[0m
[0m[[0m[31merror[0m] [0m[0m	at sbt.Execute.work(Execute.scala:291)[0m
[0m[[0m[31merror[0m] [0m[0m	at sbt.Execute.$anonfun$submit$1(Execute.scala:282)[0m
[0m[[0m[31merror[0m] [0m[0m	at sbt.ConcurrentRestrictions$$anon$4.$anonfun$submitValid$1(ConcurrentRestrictions.scala:265)[0m
[0m[[0m[31merror[0m] [0m[0m	at sbt.CompletionService$$anon$2.call(CompletionService.scala:64)[0m
[0m[[0m[31merror[0m] [0m[0m	at java.util.concurrent.FutureTask.run(FutureTask.java:266)[0m
[0m[[0m[31merror[0m] [0m[0m	at java.util.concurrent.Executors$RunnableAdapter.call(Executors.java:511)[0m
[0m[[0m[31merror[0m] [0m[0m	at java.util.concurrent.FutureTask.run(FutureTask.java:266)[0m
[0m[[0m[31merror[0m] [0m[0m	at java.util.concurrent.ThreadPoolExecutor.runWorker(ThreadPoolExecutor.java:1149)[0m
[0m[[0m[31merror[0m] [0m[0m	at java.util.concurrent.ThreadPoolExecutor$Worker.run(ThreadPoolExecutor.java:624)[0m
[0m[[0m[31merror[0m] [0m[0m	at java.lang.Thread.run(Thread.java:750)[0m
[0m[[0m[31merror[0m] [0m[0m(Compile / [31mrun[0m) java.lang.UnsatisfiedLinkError: /Users/loganchoi/Library/Caches/JNA/temp/jna5375686242788932703.tmp: dlopen(/Users/loganchoi/Library/Caches/JNA/temp/jna5375686242788932703.tmp, 0x0001): tried: '/Users/loganchoi/Library/Caches/JNA/temp/jna5375686242788932703.tmp' (fat file, but missing compatible architecture (have 'i386,x86_64', need 'arm64e' or 'arm64')), '/System/Volumes/Preboot/Cryptexes/OS/Users/loganchoi/Library/Caches/JNA/temp/jna5375686242788932703.tmp' (no such file), '/Users/loganchoi/Library/Caches/JNA/temp/jna5375686242788932703.tmp' (fat file, but missing compatible architecture (have 'i386,x86_64', need 'arm64e' or 'arm64'))[0m
[0m[[0m[31merror[0m] [0m[0mTotal time: 0 s, completed Apr 20, 2026 11:41:43 AM[0m
[0m[[0m[0mdebug[0m] [0m[0m> Exec(idea-shell, None, None)[0m
