[0m[[0m[0mdebug[0m] [0m[0m> Exec(testOnly UnitTest, None, None)[0m
[0m[[0m[0mdebug[0m] [0m[0mEvaluating tasks: Test / testOnly[0m
[0m[[0m[0mdebug[0m] [0m[0mRunning task... Cancel: Signal, check cycles: false, forcegc: true[0m
[0m[[0m[0minfo[0m] [0m[0mcompiling 8 Scala sources and 104 Java sources to /Users/loganchoi/Desktop/CSHub-Fall2025/backend/target/scala-2.12/classes ...[0m
[0m[[0m[0mdebug[0m] [0m[0mExporting web-assets:basicframework[0m
[0m[[0m[0minfo[0m] [0m[0m/Users/loganchoi/Desktop/CSHub-Fall2025/backend/app/configs/AwsS3ClientConfig.java: Some input files use or override a deprecated API.[0m
[0m[[0m[0minfo[0m] [0m[0m/Users/loganchoi/Desktop/CSHub-Fall2025/backend/app/configs/AwsS3ClientConfig.java: Recompile with -Xlint:deprecation for details.[0m
[0m[[0m[0minfo[0m] [0m[0m/Users/loganchoi/Desktop/CSHub-Fall2025/backend/app/controllers/PaperController.java: PaperController.java uses unchecked or unsafe operations.[0m
[0m[[0m[0minfo[0m] [0m[0m/Users/loganchoi/Desktop/CSHub-Fall2025/backend/app/controllers/PaperController.java: Recompile with -Xlint:unchecked for details.[0m
[0m[[0m[0minfo[0m] [0m[0mdone compiling[0m
[0m[[0m[31merror[0m] [0m[0mjava.lang.NoSuchMethodError: sbt.internal.inc.Relations.classNames(Ljava/io/File;)Lscala/collection/immutable/Set;[0m
[0m[[0m[31merror[0m] [0m[0m	at com.typesafe.play.sbt.enhancer.PlayEnhancer$.$anonfun$bytecodeEnhance$4(PlayEnhancer.scala:80)[0m
[0m[[0m[31merror[0m] [0m[0m	at scala.collection.TraversableLike.$anonfun$flatMap$1(TraversableLike.scala:293)[0m
[0m[[0m[31merror[0m] [0m[0m	at scala.collection.Iterator.foreach(Iterator.scala:943)[0m
[0m[[0m[31merror[0m] [0m[0m	at scala.collection.Iterator.foreach$(Iterator.scala:943)[0m
[0m[[0m[31merror[0m] [0m[0m	at scala.collection.AbstractIterator.foreach(Iterator.scala:1431)[0m
[0m[[0m[31merror[0m] [0m[0m	at scala.collection.IterableLike.foreach(IterableLike.scala:74)[0m
[0m[[0m[31merror[0m] [0m[0m	at scala.collection.IterableLike.foreach$(IterableLike.scala:73)[0m
[0m[[0m[31merror[0m] [0m[0m	at scala.collection.AbstractIterable.foreach(Iterable.scala:56)[0m
[0m[[0m[31merror[0m] [0m[0m	at scala.collection.TraversableLike.flatMap(TraversableLike.scala:293)[0m
[0m[[0m[31merror[0m] [0m[0m	at scala.collection.TraversableLike.flatMap$(TraversableLike.scala:290)[0m
[0m[[0m[31merror[0m] [0m[0m	at scala.collection.AbstractTraversable.flatMap(Traversable.scala:108)[0m
[0m[[0m[31merror[0m] [0m[0m	at com.typesafe.play.sbt.enhancer.PlayEnhancer$.getClassesForSources$1(PlayEnhancer.scala:76)[0m
[0m[[0m[31merror[0m] [0m[0m	at com.typesafe.play.sbt.enhancer.PlayEnhancer$.$anonfun$bytecodeEnhance$3(PlayEnhancer.scala:91)[0m
[0m[[0m[31merror[0m] [0m[0m	at com.typesafe.play.sbt.enhancer.PlayEnhancer$.$anonfun$scopedSettings$3(PlayEnhancer.scala:51)[0m
[0m[[0m[31merror[0m] [0m[0m	at scala.Function1.$anonfun$compose$1(Function1.scala:49)[0m
[0m[[0m[31merror[0m] [0m[0m	at sbt.internal.util.$tilde$greater.$anonfun$$u2219$1(TypeFunctions.scala:62)[0m
[0m[[0m[31merror[0m] [0m[0m	at sbt.std.Transform$$anon$4.work(Transform.scala:68)[0m
[0m[[0m[31merror[0m] [0m[0m	at sbt.Execute.$anonfun$submit$2(Execute.scala:282)[0m
[0m[[0m[31merror[0m] [0m[0m	at sbt.internal.util.ErrorHandling$.wideConvert(ErrorHandling.scala:23)[0m
[0m[[0m[31merror[0m] [0m[0m	at sbt.Execute.work(Execute.scala:291)[0m
[0m[[0m[31merror[0m] [0m[0m	at sbt.Execute.$anonfun$submit$1(Execute.scala:282)[0m
[0m[[0m[31merror[0m] [0m[0m	at sbt.ConcurrentRestrictions$$anon$4.$anonfun$submitValid$1(ConcurrentRestrictions.scala:265)[0m
[0m[[0m[31merror[0m] [0m[0m	at sbt.CompletionService$$anon$2.call(CompletionService.scala:64)[0m
[0m[[0m[31merror[0m] [0m[0m	at java.util.concurrent.FutureTask.run(FutureTask.java:266)[0m
[0m[[0m[31merror[0m] [0m[0m	at java.util.concurrent.Executors$RunnableAdapter.call(Executors.java:511)[0m
[0m[[0m[31merror[0m] [0m[0m	at java.util.concurrent.FutureTask.run(FutureTask.java:266)[0m
[0m[[0m[31merror[0m] [0m[0m	at java.util.concurrent.ThreadPoolExecutor.runWorker(ThreadPoolExecutor.java:1149)[0m
[0m[[0m[31merror[0m] [0m[0m	at java.util.concurrent.ThreadPoolExecutor$Worker.run(ThreadPoolExecutor.java:624)[0m
[0m[[0m[31merror[0m] [0m[0m	at java.lang.Thread.run(Thread.java:750)[0m
[0m[[0m[31merror[0m] [0m[0m(Compile / [31mmanipulateBytecode[0m) java.lang.NoSuchMethodError: sbt.internal.inc.Relations.classNames(Ljava/io/File;)Lscala/collection/immutable/Set;[0m
[0m[[0m[31merror[0m] [0m[0mTotal time: 11 s, completed Apr 20, 2026 12:20:05 PM[0m
[0m[[0m[0mdebug[0m] [0m[0m> Exec(idea-shell, None, None)[0m
