2026-05-02 14:50:41,906 [WARN] from application in play-dev-mode-akka.actor.default-dispatcher-6 - Logger configuration in conf files is deprecated and has no effect. Use a logback configuration file instead.
2026-05-02 14:50:42,355 [INFO] from application in play-dev-mode-akka.actor.default-dispatcher-6 - ApplicationTimer demo: Starting application at 2026-05-02T19:50:42.355Z
2026-05-02 14:50:42,670 [WARN] from org.hibernate.validator.messageinterpolation.ParameterMessageInterpolator in play-dev-mode-akka.actor.default-dispatcher-6 - HV000184: ParameterMessageInterpolator has been chosen, EL interpolation will not be supported
2026-05-02 14:50:42,705 [INFO] from play.api.http.EnabledFilters in play-dev-mode-akka.actor.default-dispatcher-6 - Enabled Filters (see <https://www.playframework.com/documentation/latest/Filters>):


2026-05-02 14:50:42,707 [INFO] from play.api.Play in play-dev-mode-akka.actor.default-dispatcher-6 - Application started (Dev)
2026-05-02 14:50:42,945 [DEBUG] from application in play-dev-mode-akka.actor.default-dispatcher-6 - Optional.empty
2026-05-02 14:50:42,945 [DEBUG] from application in play-dev-mode-akka.actor.default-dispatcher-8 - Optional.empty
2026-05-02 14:50:43,191 [INFO] from application in play-dev-mode-akka.actor.default-dispatcher-8 - http://localhost:9037/job/getApplications/rajob/1?offset=0&pageLimit=100&sortCriteria=id&pageNum=1
2026-05-02 14:50:43,191 [INFO] from application in play-dev-mode-akka.actor.default-dispatcher-6 - http://localhost:9037/job/getApplications/rajob/1?offset=0&pageLimit=100&sortCriteria=id&pageNum=1
2026-05-02 14:50:43,269 [INFO] from application in play-dev-mode-akka.actor.default-dispatcher-6 - http://localhost:9037/rajob/interview/job/1
2026-05-02 14:50:43,269 [INFO] from application in play-dev-mode-akka.actor.default-dispatcher-8 - http://localhost:9037/rajob/interview/job/1
2026-05-02 14:50:43,724 [INFO] from application in play-dev-mode-akka.actor.default-dispatcher-4 - Path: https://ecopro-aws-bucket.s3.amazonaws.com/teaching//user/user.png
2026-05-02 14:50:43,724 [INFO] from application in play-dev-mode-akka.actor.default-dispatcher-4 - Original input path: https://ecopro-aws-bucket.s3.amazonaws.com/teaching//user/user.png
2026-05-02 14:50:43,724 [INFO] from application in play-dev-mode-akka.actor.default-dispatcher-4 - url: https://ecopro-aws-bucket.s3.amazonaws.com/teaching//user/user.png
2026-05-02 14:50:43,724 [INFO] from application in play-dev-mode-akka.actor.default-dispatcher-4 - Extracted S3 Key: /teaching//user/user.png
2026-05-02 14:50:43,724 [INFO] from application in play-dev-mode-akka.actor.default-dispatcher-4 - Extracted Bucket Name: ecopro-aws-bucket
2026-05-02 14:50:43,724 [INFO] from application in play-dev-mode-akka.actor.default-dispatcher-4 - Extracted S3 Key: teaching//user/user.png
2026-05-02 14:50:43,757 [WARN] from com.amazonaws.util.VersionInfoUtils in play-dev-mode-akka.actor.default-dispatcher-4 - The AWS SDK for Java 1.x entered maintenance mode starting July 31, 2024 and will reach end of support on December 31, 2025. For more information, see https://aws.amazon.com/blogs/developer/the-aws-sdk-for-java-1-x-is-in-maintenance-mode-effective-july-31-2024/
You can print where on the file system the AWS SDK for Java 1.x core runtime is located by setting the AWS_JAVA_V1_PRINT_LOCATION environment variable or aws.java.v1.printLocation system property to 'true'.
This message can be disabled by setting the AWS_JAVA_V1_DISABLE_DEPRECATION_ANNOUNCEMENT environment variable or aws.java.v1.disableDeprecationAnnouncement system property to 'true'.
The AWS SDK for Java 1.x is being used here:
at java.lang.Thread.getStackTrace(Thread.java:1564)
at com.amazonaws.util.VersionInfoUtils.printDeprecationAnnouncement(VersionInfoUtils.java:81)
at com.amazonaws.util.VersionInfoUtils.<clinit>(VersionInfoUtils.java:59)
at com.amazonaws.internal.EC2ResourceFetcher.<clinit>(EC2ResourceFetcher.java:44)
at com.amazonaws.auth.InstanceMetadataServiceCredentialsFetcher.<init>(InstanceMetadataServiceCredentialsFetcher.java:38)
at com.amazonaws.auth.InstanceProfileCredentialsProvider.<init>(InstanceProfileCredentialsProvider.java:111)
at com.amazonaws.auth.InstanceProfileCredentialsProvider.<init>(InstanceProfileCredentialsProvider.java:91)
at com.amazonaws.auth.InstanceProfileCredentialsProvider.<init>(InstanceProfileCredentialsProvider.java:75)
at com.amazonaws.auth.InstanceProfileCredentialsProvider.<clinit>(InstanceProfileCredentialsProvider.java:58)
at com.amazonaws.auth.EC2ContainerCredentialsProviderWrapper.initializeProvider(EC2ContainerCredentialsProviderWrapper.java:66)
at com.amazonaws.auth.EC2ContainerCredentialsProviderWrapper.<init>(EC2ContainerCredentialsProviderWrapper.java:55)
at com.amazonaws.auth.DefaultAWSCredentialsProviderChain.<init>(DefaultAWSCredentialsProviderChain.java:60)
at com.amazonaws.auth.DefaultAWSCredentialsProviderChain.<clinit>(DefaultAWSCredentialsProviderChain.java:54)
at com.amazonaws.services.s3.AmazonS3ClientBuilder.standard(AmazonS3ClientBuilder.java:46)
at configs.AwsS3ClientConfig.getS3Client(AwsS3ClientConfig.java:32)
at utils.S3Utils.getObject(S3Utils.java:111)
at controllers.Application.getImageFromPath(Application.java:379)
at router.Routes$$anonfun$routes$1.$anonfun$applyOrElse$36(Routes.scala:4764)
at play.core.routing.HandlerInvokerFactory$$anon$3.resultCall(HandlerInvoker.scala:134)
at play.core.routing.HandlerInvokerFactory$$anon$3.resultCall(HandlerInvoker.scala:133)
at play.core.routing.HandlerInvokerFactory$JavaActionInvokerFactory$$anon$8$$anon$2$$anon$1.invocation(HandlerInvoker.scala:108)
at play.core.j.JavaAction$$anon$1.call(JavaAction.scala:76)
at play.http.DefaultActionCreator$1.call(DefaultActionCreator.java:31)
at play.core.j.JavaAction.$anonfun$apply$2(JavaAction.scala:111)
at scala.concurrent.Future$.$anonfun$apply$1(Future.scala:653)
at scala.util.Success.$anonfun$map$1(Try.scala:251)
at scala.util.Success.map(Try.scala:209)
at scala.concurrent.Future.$anonfun$map$1(Future.scala:287)
at scala.concurrent.impl.Promise.liftedTree1$1(Promise.scala:29)
at scala.concurrent.impl.Promise.$anonfun$transform$1(Promise.scala:29)
at scala.concurrent.impl.CallbackRunnable.run(Promise.scala:60)
at play.core.j.HttpExecutionContext$$anon$2.run(HttpExecutionContext.scala:56)
at play.api.libs.streams.Execution$trampoline$.execute(Execution.scala:70)
at play.core.j.HttpExecutionContext.execute(HttpExecutionContext.scala:48)
at scala.concurrent.impl.CallbackRunnable.executeWithValue(Promise.scala:68)
at scala.concurrent.impl.Promise$KeptPromise$Kept.onComplete(Promise.scala:368)
at scala.concurrent.impl.Promise$KeptPromise$Kept.onComplete$(Promise.scala:367)
at scala.concurrent.impl.Promise$KeptPromise$Successful.onComplete(Promise.scala:375)
at scala.concurrent.impl.Promise.transform(Promise.scala:29)
at scala.concurrent.impl.Promise.transform$(Promise.scala:27)
at scala.concurrent.impl.Promise$KeptPromise$Successful.transform(Promise.scala:375)
at scala.concurrent.Future.map(Future.scala:287)
at scala.concurrent.Future.map$(Future.scala:287)
at scala.concurrent.impl.Promise$KeptPromise$Successful.map(Promise.scala:375)
at scala.concurrent.Future$.apply(Future.scala:653)
at play.core.j.JavaAction.apply(JavaAction.scala:111)
at play.api.mvc.Action.$anonfun$apply$2(Action.scala:96)
at play.api.libs.streams.StrictAccumulator.$anonfun$mapFuture$4(Accumulator.scala:174)
at scala.util.Try$.apply(Try.scala:209)
at play.api.libs.streams.StrictAccumulator.$anonfun$mapFuture$3(Accumulator.scala:174)
at scala.Function1.$anonfun$andThen$1(Function1.scala:52)
at scala.Function1.$anonfun$andThen$1(Function1.scala:52)
at play.api.libs.streams.StrictAccumulator.run(Accumulator.scala:207)
at play.core.server.AkkaHttpServer.executeAction(AkkaHttpServer.scala:297)
at play.core.server.AkkaHttpServer.executeHandler(AkkaHttpServer.scala:254)
at play.core.server.AkkaHttpServer.handleRequest(AkkaHttpServer.scala:200)
at play.core.server.AkkaHttpServer.$anonfun$createServerBinding$3(AkkaHttpServer.scala:106)
at akka.stream.impl.fusing.MapAsync$$anon$23.onPush(Ops.scala:1172)
at akka.stream.impl.fusing.GraphInterpreter.processPush(GraphInterpreter.scala:499)
at akka.stream.impl.fusing.GraphInterpreter.processEvent(GraphInterpreter.scala:462)
at akka.stream.impl.fusing.GraphInterpreter.execute(GraphInterpreter.scala:368)
at akka.stream.impl.fusing.GraphInterpreterShell.runBatch(ActorGraphInterpreter.scala:571)
at akka.stream.impl.fusing.GraphInterpreterShell$AsyncInput.execute(ActorGraphInterpreter.scala:457)
at akka.stream.impl.fusing.GraphInterpreterShell.processEvent(ActorGraphInterpreter.scala:546)
at akka.stream.impl.fusing.ActorGraphInterpreter.akka$stream$impl$fusing$ActorGraphInterpreter$$processEvent(ActorGraphInterpreter.scala:725)
at akka.stream.impl.fusing.ActorGraphInterpreter$$anonfun$receive$1.applyOrElse(ActorGraphInterpreter.scala:740)
at akka.actor.Actor.aroundReceive(Actor.scala:514)
at akka.actor.Actor.aroundReceive$(Actor.scala:512)
at akka.stream.impl.fusing.ActorGraphInterpreter.aroundReceive(ActorGraphInterpreter.scala:650)
at akka.actor.ActorCell.receiveMessage(ActorCell.scala:527)
at akka.actor.ActorCell.invoke(ActorCell.scala:496)
at akka.dispatch.Mailbox.processMailbox(Mailbox.scala:257)
at akka.dispatch.Mailbox.run(Mailbox.scala:224)
at akka.dispatch.Mailbox.exec(Mailbox.scala:234)
at akka.dispatch.forkjoin.ForkJoinTask.doExec(ForkJoinTask.java:260)
at akka.dispatch.forkjoin.ForkJoinPool$WorkQueue.runTask(ForkJoinPool.java:1339)
at akka.dispatch.forkjoin.ForkJoinPool.runWorker(ForkJoinPool.java:1979)
at akka.dispatch.forkjoin.ForkJoinWorkerThread.run(ForkJoinWorkerThread.java:107)
2026-05-02 14:50:44,157 [ERROR] from application in play-dev-mode-akka.actor.default-dispatcher-4 - Amazon service error: The AWS Access Key Id you provided does not exist in our records. (Service: Amazon S3; Status Code: 403; Error Code: InvalidAccessKeyId; Request ID: 3DEJXFMPS0PS4YMZ; S3 Extended Request ID: ZmD0e3XFXVcVk9uFW4TOwWXHjKLqtVlVOzkS4rWcCQHxS/BF4imkm8LxlGo/MbC63vdYwDhhYXEhuWXA7sce4qaQ64ECkqbY/22RDDbo3GY=; Proxy: null)
2026-05-02 14:50:49,584 [DEBUG] from application in play-dev-mode-akka.actor.default-dispatcher-4 - Optional.empty
2026-05-02 14:50:49,603 [INFO] from application in play-dev-mode-akka.actor.default-dispatcher-4 - http://localhost:9037/job/getApplications/rajob/1?offset=0&pageLimit=100&sortCriteria=id&pageNum=1
2026-05-02 14:50:49,684 [INFO] from application in play-dev-mode-akka.actor.default-dispatcher-4 - http://localhost:9037/rajob/interview/job/1
2026-05-02 14:50:49,862 [INFO] from application in play-dev-mode-akka.actor.default-dispatcher-8 - Path: https://ecopro-aws-bucket.s3.amazonaws.com/teaching//user/user.png
2026-05-02 14:50:49,862 [INFO] from application in play-dev-mode-akka.actor.default-dispatcher-8 - Original input path: https://ecopro-aws-bucket.s3.amazonaws.com/teaching//user/user.png
2026-05-02 14:50:49,862 [INFO] from application in play-dev-mode-akka.actor.default-dispatcher-8 - url: https://ecopro-aws-bucket.s3.amazonaws.com/teaching//user/user.png
2026-05-02 14:50:49,862 [INFO] from application in play-dev-mode-akka.actor.default-dispatcher-8 - Extracted S3 Key: /teaching//user/user.png
2026-05-02 14:50:49,862 [INFO] from application in play-dev-mode-akka.actor.default-dispatcher-8 - Extracted Bucket Name: ecopro-aws-bucket
2026-05-02 14:50:49,862 [INFO] from application in play-dev-mode-akka.actor.default-dispatcher-8 - Extracted S3 Key: teaching//user/user.png
2026-05-02 14:50:49,918 [ERROR] from application in play-dev-mode-akka.actor.default-dispatcher-8 - Amazon service error: The AWS Access Key Id you provided does not exist in our records. (Service: Amazon S3; Status Code: 403; Error Code: InvalidAccessKeyId; Request ID: T70TENPDNG90YP5V; S3 Extended Request ID: kjieIFgaQOAuqJgMp83i6yb4Pnt4R9jDhl5RBFe1kRuQoi9Mn4/YHlyG7GtgZ+QyUaN6q/Xgjr7zEQfnRYBbP9W6tCWsFXldqQaxKy34eQg=; Proxy: null)
2026-05-02 14:52:13,474 [INFO] from application in play-dev-mode-akka.actor.default-dispatcher-10 - ApplicationTimer demo: Stopping application at 2026-05-02T19:52:13.474Z after 91s.
2026-05-02 14:52:13,490 [WARN] from application in play-dev-mode-akka.actor.default-dispatcher-10 - Logger configuration in conf files is deprecated and has no effect. Use a logback configuration file instead.
2026-05-02 14:52:13,525 [INFO] from application in play-dev-mode-akka.actor.default-dispatcher-10 - ApplicationTimer demo: Starting application at 2026-05-02T19:52:13.525Z
2026-05-02 14:52:13,686 [WARN] from org.hibernate.validator.messageinterpolation.ParameterMessageInterpolator in play-dev-mode-akka.actor.default-dispatcher-10 - HV000184: ParameterMessageInterpolator has been chosen, EL interpolation will not be supported
2026-05-02 14:52:13,698 [INFO] from play.api.http.EnabledFilters in play-dev-mode-akka.actor.default-dispatcher-10 - Enabled Filters (see <https://www.playframework.com/documentation/latest/Filters>):


2026-05-02 14:52:13,699 [INFO] from play.api.Play in play-dev-mode-akka.actor.default-dispatcher-10 - Application started (Dev)
2026-05-02 14:52:13,783 [ERROR] from application in application-akka.actor.default-dispatcher-3 - 

! @8d8l1ap5h - Internal server error, for (POST) [/rajob/schedule/1] ->
 
play.api.http.HttpErrorHandlerExceptions$$anon$1: Execution exception[[NumberFormatException: For input string: ""]]
	at play.api.http.HttpErrorHandlerExceptions$.throwableToUsefulException(HttpErrorHandler.scala:255)
	at play.api.http.DefaultHttpErrorHandler.onServerError(HttpErrorHandler.scala:182)
	at play.core.server.AkkaHttpServer$$anonfun$$nestedInanonfun$executeHandler$1$1.applyOrElse(AkkaHttpServer.scala:251)
	at play.core.server.AkkaHttpServer$$anonfun$$nestedInanonfun$executeHandler$1$1.applyOrElse(AkkaHttpServer.scala:250)
	at scala.concurrent.Future.$anonfun$recoverWith$1(Future.scala:412)
	at scala.concurrent.impl.Promise.$anonfun$transformWith$1(Promise.scala:37)
	at scala.concurrent.impl.CallbackRunnable.run(Promise.scala:60)
	at play.api.libs.streams.Execution$trampoline$.execute(Execution.scala:70)
	at scala.concurrent.impl.CallbackRunnable.executeWithValue(Promise.scala:68)
	at scala.concurrent.impl.Promise$DefaultPromise.$anonfun$tryComplete$1(Promise.scala:284)
	at scala.concurrent.impl.Promise$DefaultPromise.$anonfun$tryComplete$1$adapted(Promise.scala:284)
	at scala.concurrent.impl.Promise$DefaultPromise.tryComplete(Promise.scala:284)
	at scala.concurrent.impl.Promise$DefaultPromise.link(Promise.scala:337)
	at scala.concurrent.impl.Promise$DefaultPromise.linkRootOf(Promise.scala:322)
	at scala.concurrent.impl.Promise.$anonfun$transformWith$1(Promise.scala:39)
	at scala.concurrent.impl.CallbackRunnable.run(Promise.scala:60)
	at akka.dispatch.BatchingExecutor$AbstractBatch.processBatch(BatchingExecutor.scala:55)
	at akka.dispatch.BatchingExecutor$BlockableBatch.$anonfun$run$1(BatchingExecutor.scala:91)
	at scala.runtime.java8.JFunction0$mcV$sp.apply(JFunction0$mcV$sp.java:12)
	at scala.concurrent.BlockContext$.withBlockContext(BlockContext.scala:81)
	at akka.dispatch.BatchingExecutor$BlockableBatch.run(BatchingExecutor.scala:91)
	at akka.dispatch.TaskInvocation.run(AbstractDispatcher.scala:40)
	at akka.dispatch.ForkJoinExecutorConfigurator$AkkaForkJoinTask.exec(ForkJoinExecutorConfigurator.scala:43)
	at akka.dispatch.forkjoin.ForkJoinTask.doExec(ForkJoinTask.java:260)
	at akka.dispatch.forkjoin.ForkJoinPool$WorkQueue.runTask(ForkJoinPool.java:1339)
	at akka.dispatch.forkjoin.ForkJoinPool.runWorker(ForkJoinPool.java:1979)
	at akka.dispatch.forkjoin.ForkJoinWorkerThread.run(ForkJoinWorkerThread.java:107)
Caused by: java.lang.NumberFormatException: For input string: ""
	at java.lang.NumberFormatException.forInputString(NumberFormatException.java:65)
	at java.lang.Long.parseLong(Long.java:601)
	at java.lang.Long.parseLong(Long.java:631)
	at controllers.RAJobController.scheduleInterviewPOST(RAJobController.java:1005)
	at router.Routes$$anonfun$routes$1.$anonfun$applyOrElse$332(Routes.scala:5652)
	at play.core.routing.HandlerInvokerFactory$$anon$3.resultCall(HandlerInvoker.scala:134)
	at play.core.routing.HandlerInvokerFactory$$anon$3.resultCall(HandlerInvoker.scala:133)
	at play.core.routing.HandlerInvokerFactory$JavaActionInvokerFactory$$anon$8$$anon$2$$anon$1.invocation(HandlerInvoker.scala:108)
	at play.core.j.JavaAction$$anon$1.call(JavaAction.scala:76)
	at play.http.DefaultActionCreator$1.call(DefaultActionCreator.java:31)
	at play.core.j.JavaAction.$anonfun$apply$2(JavaAction.scala:111)
	at scala.concurrent.Future$.$anonfun$apply$1(Future.scala:653)
	at scala.util.Success.$anonfun$map$1(Try.scala:251)
	at scala.util.Success.map(Try.scala:209)
	at scala.concurrent.Future.$anonfun$map$1(Future.scala:287)
	at scala.concurrent.impl.Promise.liftedTree1$1(Promise.scala:29)
	at scala.concurrent.impl.Promise.$anonfun$transform$1(Promise.scala:29)
	at scala.concurrent.impl.CallbackRunnable.run(Promise.scala:60)
	at play.core.j.HttpExecutionContext$$anon$2.run(HttpExecutionContext.scala:56)
	at play.api.libs.streams.Execution$trampoline$.execute(Execution.scala:70)
	at play.core.j.HttpExecutionContext.execute(HttpExecutionContext.scala:48)
	at scala.concurrent.impl.CallbackRunnable.executeWithValue(Promise.scala:68)
	at scala.concurrent.impl.Promise$KeptPromise$Kept.onComplete(Promise.scala:368)
	at scala.concurrent.impl.Promise$KeptPromise$Kept.onComplete$(Promise.scala:367)
	at scala.concurrent.impl.Promise$KeptPromise$Successful.onComplete(Promise.scala:375)
	at scala.concurrent.impl.Promise.transform(Promise.scala:29)
	at scala.concurrent.impl.Promise.transform$(Promise.scala:27)
	at scala.concurrent.impl.Promise$KeptPromise$Successful.transform(Promise.scala:375)
	at scala.concurrent.Future.map(Future.scala:287)
	at scala.concurrent.Future.map$(Future.scala:287)
	at scala.concurrent.impl.Promise$KeptPromise$Successful.map(Promise.scala:375)
	at scala.concurrent.Future$.apply(Future.scala:653)
	at play.core.j.JavaAction.apply(JavaAction.scala:111)
	at play.api.mvc.Action.$anonfun$apply$2(Action.scala:96)
	at scala.concurrent.Future.$anonfun$flatMap$1(Future.scala:302)
	at scala.concurrent.impl.Promise.$anonfun$transformWith$1(Promise.scala:37)
	... 12 common frames omitted
2026-05-02 14:53:08,331 [INFO] from application in play-dev-mode-akka.actor.default-dispatcher-3 - ApplicationTimer demo: Stopping application at 2026-05-02T19:53:08.331Z after 55s.
2026-05-02 14:53:08,345 [WARN] from application in play-dev-mode-akka.actor.default-dispatcher-3 - Logger configuration in conf files is deprecated and has no effect. Use a logback configuration file instead.
2026-05-02 14:53:08,376 [INFO] from application in play-dev-mode-akka.actor.default-dispatcher-3 - ApplicationTimer demo: Starting application at 2026-05-02T19:53:08.376Z
2026-05-02 14:53:08,539 [WARN] from org.hibernate.validator.messageinterpolation.ParameterMessageInterpolator in play-dev-mode-akka.actor.default-dispatcher-3 - HV000184: ParameterMessageInterpolator has been chosen, EL interpolation will not be supported
2026-05-02 14:53:08,550 [INFO] from play.api.http.EnabledFilters in play-dev-mode-akka.actor.default-dispatcher-3 - Enabled Filters (see <https://www.playframework.com/documentation/latest/Filters>):


2026-05-02 14:53:08,550 [INFO] from play.api.Play in play-dev-mode-akka.actor.default-dispatcher-3 - Application started (Dev)
2026-05-02 14:53:08,566 [INFO] from application in play-dev-mode-akka.actor.default-dispatcher-3 - Path: https://ecopro-aws-bucket.s3.amazonaws.com/teaching//user/user.png
2026-05-02 14:53:08,566 [INFO] from application in play-dev-mode-akka.actor.default-dispatcher-3 - Original input path: https://ecopro-aws-bucket.s3.amazonaws.com/teaching//user/user.png
2026-05-02 14:53:08,566 [INFO] from application in play-dev-mode-akka.actor.default-dispatcher-3 - url: https://ecopro-aws-bucket.s3.amazonaws.com/teaching//user/user.png
2026-05-02 14:53:08,566 [INFO] from application in play-dev-mode-akka.actor.default-dispatcher-3 - Extracted S3 Key: /teaching//user/user.png
2026-05-02 14:53:08,566 [INFO] from application in play-dev-mode-akka.actor.default-dispatcher-3 - Extracted Bucket Name: ecopro-aws-bucket
2026-05-02 14:53:08,566 [INFO] from application in play-dev-mode-akka.actor.default-dispatcher-3 - Extracted S3 Key: teaching//user/user.png
2026-05-02 14:53:08,719 [ERROR] from application in play-dev-mode-akka.actor.default-dispatcher-3 - Amazon service error: The AWS Access Key Id you provided does not exist in our records. (Service: Amazon S3; Status Code: 403; Error Code: InvalidAccessKeyId; Request ID: AFQEJPDV9WTHDFP8; S3 Extended Request ID: oQSnA/2y4pj4btBvYTsh18KIet0+gw3mU3R2gZ1knurXAyazoBAX7K8Ox7orFn+iPVQW1ax5aHeY78HOjcqPf0yJTYUUrVKHE/Ce8ZzT9ck=; Proxy: null)
2026-05-02 14:53:15,809 [DEBUG] from application in play-dev-mode-akka.actor.default-dispatcher-8 - Optional.empty
2026-05-02 14:53:15,821 [INFO] from application in play-dev-mode-akka.actor.default-dispatcher-8 - http://localhost:9037/job/getApplications/rajob/1?offset=0&pageLimit=100&sortCriteria=id&pageNum=1
2026-05-02 14:53:15,876 [INFO] from application in play-dev-mode-akka.actor.default-dispatcher-8 - http://localhost:9037/rajob/interview/job/1
2026-05-02 14:53:16,037 [INFO] from application in play-dev-mode-akka.actor.default-dispatcher-15 - Path: https://ecopro-aws-bucket.s3.amazonaws.com/teaching//user/user.png
2026-05-02 14:53:16,037 [INFO] from application in play-dev-mode-akka.actor.default-dispatcher-15 - Original input path: https://ecopro-aws-bucket.s3.amazonaws.com/teaching//user/user.png
2026-05-02 14:53:16,037 [INFO] from application in play-dev-mode-akka.actor.default-dispatcher-15 - url: https://ecopro-aws-bucket.s3.amazonaws.com/teaching//user/user.png
2026-05-02 14:53:16,037 [INFO] from application in play-dev-mode-akka.actor.default-dispatcher-15 - Extracted S3 Key: /teaching//user/user.png
2026-05-02 14:53:16,037 [INFO] from application in play-dev-mode-akka.actor.default-dispatcher-15 - Extracted Bucket Name: ecopro-aws-bucket
2026-05-02 14:53:16,037 [INFO] from application in play-dev-mode-akka.actor.default-dispatcher-15 - Extracted S3 Key: teaching//user/user.png
2026-05-02 14:53:16,170 [ERROR] from application in play-dev-mode-akka.actor.default-dispatcher-15 - Amazon service error: The AWS Access Key Id you provided does not exist in our records. (Service: Amazon S3; Status Code: 403; Error Code: InvalidAccessKeyId; Request ID: 89X8C5536977Q266; S3 Extended Request ID: WA17HvNe94sKGH5nfhkt2H8dMs6IlxCWVbyleBdCZtW6BRddDBSNDg5SmaYtAC1Wh3lXEnBHkVhX/cfvoKMyof1RxDROBeQ6Q9AMY/WcS+s=; Proxy: null)
2026-05-02 14:54:22,686 [DEBUG] from application in play-dev-mode-akka.actor.default-dispatcher-15 - Optional.empty
2026-05-02 14:54:22,699 [INFO] from application in play-dev-mode-akka.actor.default-dispatcher-15 - http://localhost:9037/job/getApplications/rajob/1?offset=0&pageLimit=100&sortCriteria=id&pageNum=1
2026-05-02 14:54:22,727 [INFO] from application in play-dev-mode-akka.actor.default-dispatcher-15 - http://localhost:9037/rajob/interview/job/1
2026-05-02 14:54:22,900 [INFO] from application in play-dev-mode-akka.actor.default-dispatcher-13 - Path: https://ecopro-aws-bucket.s3.amazonaws.com/teaching//user/user.png
2026-05-02 14:54:22,900 [INFO] from application in play-dev-mode-akka.actor.default-dispatcher-13 - Original input path: https://ecopro-aws-bucket.s3.amazonaws.com/teaching//user/user.png
2026-05-02 14:54:22,900 [INFO] from application in play-dev-mode-akka.actor.default-dispatcher-13 - url: https://ecopro-aws-bucket.s3.amazonaws.com/teaching//user/user.png
2026-05-02 14:54:22,900 [INFO] from application in play-dev-mode-akka.actor.default-dispatcher-13 - Extracted S3 Key: /teaching//user/user.png
2026-05-02 14:54:22,900 [INFO] from application in play-dev-mode-akka.actor.default-dispatcher-13 - Extracted Bucket Name: ecopro-aws-bucket
2026-05-02 14:54:22,900 [INFO] from application in play-dev-mode-akka.actor.default-dispatcher-13 - Extracted S3 Key: teaching//user/user.png
2026-05-02 14:54:23,046 [ERROR] from application in play-dev-mode-akka.actor.default-dispatcher-13 - Amazon service error: The AWS Access Key Id you provided does not exist in our records. (Service: Amazon S3; Status Code: 403; Error Code: InvalidAccessKeyId; Request ID: 2QPGKRA7Z9NQ4D9S; S3 Extended Request ID: DMoJkC0cf4x3HWqfK0sLGN519sBIX8glmKNzXIwX9kuvRcwx7Ge+amy3QJaas80ou/8vjsmoi+D4wwzwd7NH40NK3pfLCBiRCrl/YETUBqk=; Proxy: null)
2026-05-02 14:54:25,226 [DEBUG] from application in play-dev-mode-akka.actor.default-dispatcher-8 - Optional.empty
2026-05-02 14:54:25,235 [INFO] from application in play-dev-mode-akka.actor.default-dispatcher-8 - http://localhost:9037/job/getApplications/rajob/1?offset=0&pageLimit=100&sortCriteria=id&pageNum=1
2026-05-02 14:54:25,273 [INFO] from application in play-dev-mode-akka.actor.default-dispatcher-8 - http://localhost:9037/rajob/interview/job/1
2026-05-02 14:54:25,434 [INFO] from application in play-dev-mode-akka.actor.default-dispatcher-2 - Path: https://ecopro-aws-bucket.s3.amazonaws.com/teaching//user/user.png
2026-05-02 14:54:25,434 [INFO] from application in play-dev-mode-akka.actor.default-dispatcher-2 - Original input path: https://ecopro-aws-bucket.s3.amazonaws.com/teaching//user/user.png
2026-05-02 14:54:25,434 [INFO] from application in play-dev-mode-akka.actor.default-dispatcher-2 - url: https://ecopro-aws-bucket.s3.amazonaws.com/teaching//user/user.png
2026-05-02 14:54:25,434 [INFO] from application in play-dev-mode-akka.actor.default-dispatcher-2 - Extracted S3 Key: /teaching//user/user.png
2026-05-02 14:54:25,434 [INFO] from application in play-dev-mode-akka.actor.default-dispatcher-2 - Extracted Bucket Name: ecopro-aws-bucket
2026-05-02 14:54:25,434 [INFO] from application in play-dev-mode-akka.actor.default-dispatcher-2 - Extracted S3 Key: teaching//user/user.png
2026-05-02 14:54:25,481 [ERROR] from application in play-dev-mode-akka.actor.default-dispatcher-2 - Amazon service error: The AWS Access Key Id you provided does not exist in our records. (Service: Amazon S3; Status Code: 403; Error Code: InvalidAccessKeyId; Request ID: 7M89WMNVENM4SPRN; S3 Extended Request ID: sf8P14GTLiunLVQ0jDQXn9rgLwVMXYst7Xrv5H9Ttb8jveMWUoh2MyQv9O5QE5ndvBUPv8tOaRE0/Q0o1gUBcpSLyK5mwUPSVMzE9TqWu3o=; Proxy: null)
2026-05-02 14:54:42,930 [DEBUG] from application in play-dev-mode-akka.actor.default-dispatcher-4 - Optional.empty
2026-05-02 14:54:42,940 [INFO] from application in play-dev-mode-akka.actor.default-dispatcher-4 - http://localhost:9037/job/getApplications/rajob/1?offset=0&pageLimit=100&sortCriteria=id&pageNum=1
2026-05-02 14:54:42,977 [INFO] from application in play-dev-mode-akka.actor.default-dispatcher-4 - http://localhost:9037/rajob/interview/job/1
2026-05-02 14:54:43,151 [INFO] from application in play-dev-mode-akka.actor.default-dispatcher-8 - Path: https://ecopro-aws-bucket.s3.amazonaws.com/teaching//user/user.png
2026-05-02 14:54:43,151 [INFO] from application in play-dev-mode-akka.actor.default-dispatcher-8 - Original input path: https://ecopro-aws-bucket.s3.amazonaws.com/teaching//user/user.png
2026-05-02 14:54:43,151 [INFO] from application in play-dev-mode-akka.actor.default-dispatcher-8 - url: https://ecopro-aws-bucket.s3.amazonaws.com/teaching//user/user.png
2026-05-02 14:54:43,151 [INFO] from application in play-dev-mode-akka.actor.default-dispatcher-8 - Extracted S3 Key: /teaching//user/user.png
2026-05-02 14:54:43,151 [INFO] from application in play-dev-mode-akka.actor.default-dispatcher-8 - Extracted Bucket Name: ecopro-aws-bucket
2026-05-02 14:54:43,151 [INFO] from application in play-dev-mode-akka.actor.default-dispatcher-8 - Extracted S3 Key: teaching//user/user.png
2026-05-02 14:54:43,282 [ERROR] from application in play-dev-mode-akka.actor.default-dispatcher-8 - Amazon service error: The AWS Access Key Id you provided does not exist in our records. (Service: Amazon S3; Status Code: 403; Error Code: InvalidAccessKeyId; Request ID: Z8C0QWQ7XVBVSNDX; S3 Extended Request ID: semRN8eoyHOMiFALOec16OuCpROJCn5lC+nTVMBIsJTuhn8BZu8wqM6PJRInkYMHVYRokzBy3n3diPHbKwik0EtZD07rt8EGLV89bc10hAI=; Proxy: null)
2026-05-02 14:57:24,500 [DEBUG] from application in play-dev-mode-akka.actor.default-dispatcher-13 - Optional.empty
2026-05-02 14:57:24,512 [INFO] from application in play-dev-mode-akka.actor.default-dispatcher-13 - http://localhost:9037/job/getApplications/rajob/1?offset=0&pageLimit=100&sortCriteria=id&pageNum=1
2026-05-02 14:57:24,541 [INFO] from application in play-dev-mode-akka.actor.default-dispatcher-13 - http://localhost:9037/rajob/interview/job/1
2026-05-02 14:57:25,035 [INFO] from application in play-dev-mode-akka.actor.default-dispatcher-12 - Path: https://ecopro-aws-bucket.s3.amazonaws.com/teaching//user/user.png
2026-05-02 14:57:25,035 [INFO] from application in play-dev-mode-akka.actor.default-dispatcher-12 - Original input path: https://ecopro-aws-bucket.s3.amazonaws.com/teaching//user/user.png
2026-05-02 14:57:25,035 [INFO] from application in play-dev-mode-akka.actor.default-dispatcher-12 - url: https://ecopro-aws-bucket.s3.amazonaws.com/teaching//user/user.png
2026-05-02 14:57:25,035 [INFO] from application in play-dev-mode-akka.actor.default-dispatcher-12 - Extracted S3 Key: /teaching//user/user.png
2026-05-02 14:57:25,035 [INFO] from application in play-dev-mode-akka.actor.default-dispatcher-12 - Extracted Bucket Name: ecopro-aws-bucket
2026-05-02 14:57:25,035 [INFO] from application in play-dev-mode-akka.actor.default-dispatcher-12 - Extracted S3 Key: teaching//user/user.png
2026-05-02 14:57:25,170 [ERROR] from application in play-dev-mode-akka.actor.default-dispatcher-12 - Amazon service error: The AWS Access Key Id you provided does not exist in our records. (Service: Amazon S3; Status Code: 403; Error Code: InvalidAccessKeyId; Request ID: 05P0HNCBNZJ7XTQ0; S3 Extended Request ID: y37/2qHDZ3USDQ11W09yofxsYFAH2XmI6cquaaKUBtqo9KLH5l0MTiq7TQ3tpt8XuCQTnpdE0b0LmAtSxPibeL+sYZCI9TN2rgjtZaMe6gE=; Proxy: null)
2026-05-02 14:57:31,915 [DEBUG] from application in play-dev-mode-akka.actor.default-dispatcher-29 - Optional.empty
2026-05-02 14:57:31,925 [INFO] from application in play-dev-mode-akka.actor.default-dispatcher-29 - http://freegeoip.net/json/0:0:0:0:0:0:0:1
2026-05-02 14:57:32,011 [INFO] from application in ForkJoinPool.commonPool-worker-2 - 500
2026-05-02 14:57:32,196 [INFO] from application in play-dev-mode-akka.actor.default-dispatcher-29 - Path: https://ecopro-aws-bucket.s3.amazonaws.com/teaching//user/user.png
2026-05-02 14:57:32,196 [INFO] from application in play-dev-mode-akka.actor.default-dispatcher-29 - Original input path: https://ecopro-aws-bucket.s3.amazonaws.com/teaching//user/user.png
2026-05-02 14:57:32,196 [INFO] from application in play-dev-mode-akka.actor.default-dispatcher-29 - url: https://ecopro-aws-bucket.s3.amazonaws.com/teaching//user/user.png
2026-05-02 14:57:32,196 [INFO] from application in play-dev-mode-akka.actor.default-dispatcher-29 - Extracted S3 Key: /teaching//user/user.png
2026-05-02 14:57:32,196 [INFO] from application in play-dev-mode-akka.actor.default-dispatcher-29 - Extracted Bucket Name: ecopro-aws-bucket
2026-05-02 14:57:32,196 [INFO] from application in play-dev-mode-akka.actor.default-dispatcher-29 - Extracted S3 Key: teaching//user/user.png
2026-05-02 14:57:32,329 [ERROR] from application in play-dev-mode-akka.actor.default-dispatcher-29 - Amazon service error: The AWS Access Key Id you provided does not exist in our records. (Service: Amazon S3; Status Code: 403; Error Code: InvalidAccessKeyId; Request ID: 486NWAE313XYD167; S3 Extended Request ID: E8/SylHsLlAUGChhHyCSnSF5hI59nCwFHuXywVBYK+2HNxQr7VTr/y7HsHe8dmfYt1k/aQQpL2bi2sXCLngOi1KlQFy+3bjvl5qnqrwJOBI=; Proxy: null)
2026-05-02 14:58:38,734 [DEBUG] from application in play-dev-mode-akka.actor.default-dispatcher-29 - Optional.empty
2026-05-02 14:58:38,771 [INFO] from application in play-dev-mode-akka.actor.default-dispatcher-29 - http://freegeoip.net/json/0:0:0:0:0:0:0:1
2026-05-02 14:58:38,859 [INFO] from application in ForkJoinPool.commonPool-worker-4 - 500
2026-05-02 14:58:38,867 [WARN] from play in play-dev-mode-akka.actor.default-dispatcher-29 - You are using status code '200' with flashing, which should only be used with a redirect status!
2026-05-02 14:58:48,131 [WARN] from play in application-akka.actor.default-dispatcher-2 - You are using status code '200' with flashing, which should only be used with a redirect status!
2026-05-02 14:58:51,464 [INFO] from application in application-akka.actor.default-dispatcher-2 - {"success":true,"challenge_ts":"2026-05-02T19:58:51Z","hostname":"testkey.google.com"}
2026-05-02 14:58:51,487 [INFO] from application in application-akka.actor.default-dispatcher-2 - login response: {"id":2,"userName":"John Doe","password":"c4ca4238a0b923820dcc509a6f75849b","firstName":"John","lastName":"Doe","middleInitial":"","organization":"","email":"falculty@test.com","mailingAddress":"","phoneNumber":"","level":"normal","rating":0.0,"ratingCount":0,"recommendRating":0.0,"recommendRatingCount":0,"homepage":"","avatar":null,"serviceProvider":false,"expertises":null,"categories":null,"detail":null,"userType":1,"service_execution_counts":0,"serviceUser":false,"createTime":"Sat May 02 13:25:18 CDT 2026","isActive":"True","token":"VL6CRfAYZDQLxMrZRerysA","researcherInfo":null,"studentInfo":null,"projectZone":null,"participatedProjects":[],"publishedJobs":[],"reportedBugReports":[],"fixedBugReports":[],"reportedSuggestions":[],"implementedSuggestions":[],"sentMail":[],"receivedMail":[],"principalInvestigatedProjects":[],"sponsoredProjects":[],"createdChallenges":[],"unreadMention":false,"sponsor":false,"researchFields":"","highestDegree":"","researcher":true,"student":false}
2026-05-02 14:58:51,497 [DEBUG] from application in play-dev-mode-akka.actor.default-dispatcher-22 - Optional.empty
2026-05-02 14:58:51,506 [INFO] from application in play-dev-mode-akka.actor.default-dispatcher-22 - http://freegeoip.net/json/0:0:0:0:0:0:0:1
2026-05-02 14:58:51,589 [INFO] from application in ForkJoinPool.commonPool-worker-4 - 500
2026-05-02 14:58:51,780 [INFO] from application in play-dev-mode-akka.actor.default-dispatcher-8 - Path: https://ecopro-aws-bucket.s3.amazonaws.com/teaching//user/user.png
2026-05-02 14:58:51,780 [INFO] from application in play-dev-mode-akka.actor.default-dispatcher-8 - Original input path: https://ecopro-aws-bucket.s3.amazonaws.com/teaching//user/user.png
2026-05-02 14:58:51,780 [INFO] from application in play-dev-mode-akka.actor.default-dispatcher-8 - url: https://ecopro-aws-bucket.s3.amazonaws.com/teaching//user/user.png
2026-05-02 14:58:51,780 [INFO] from application in play-dev-mode-akka.actor.default-dispatcher-8 - Extracted S3 Key: /teaching//user/user.png
2026-05-02 14:58:51,780 [INFO] from application in play-dev-mode-akka.actor.default-dispatcher-8 - Extracted Bucket Name: ecopro-aws-bucket
2026-05-02 14:58:51,780 [INFO] from application in play-dev-mode-akka.actor.default-dispatcher-8 - Extracted S3 Key: teaching//user/user.png
2026-05-02 14:58:51,919 [ERROR] from application in play-dev-mode-akka.actor.default-dispatcher-8 - Amazon service error: The AWS Access Key Id you provided does not exist in our records. (Service: Amazon S3; Status Code: 403; Error Code: InvalidAccessKeyId; Request ID: T5CFCJPNJ5EZW5XR; S3 Extended Request ID: d6U/WchQd6Cre0avkKZEnbUN2bFt1/Ztnhuvj1903YY0b25qEczKWBN4eH8Vkerjsyg6qzgJtJH3teIZizAMyp/VAMkAdoBX1U9jl/lhOMA=; Proxy: null)
2026-05-02 14:58:53,445 [DEBUG] from application in play-dev-mode-akka.actor.default-dispatcher-16 - Optional.empty
2026-05-02 14:58:53,453 [INFO] from application in play-dev-mode-akka.actor.default-dispatcher-16 - http://localhost:9037/rajob/rajobList/2?pageNum=1&pageLimit=20&sortCriteria=id
2026-05-02 14:58:53,604 [INFO] from application in play-dev-mode-akka.actor.default-dispatcher-39 - Path: https://ecopro-aws-bucket.s3.amazonaws.com/teaching//user/user.png
2026-05-02 14:58:53,604 [INFO] from application in play-dev-mode-akka.actor.default-dispatcher-39 - Original input path: https://ecopro-aws-bucket.s3.amazonaws.com/teaching//user/user.png
2026-05-02 14:58:53,604 [INFO] from application in play-dev-mode-akka.actor.default-dispatcher-39 - url: https://ecopro-aws-bucket.s3.amazonaws.com/teaching//user/user.png
2026-05-02 14:58:53,604 [INFO] from application in play-dev-mode-akka.actor.default-dispatcher-39 - Extracted S3 Key: /teaching//user/user.png
2026-05-02 14:58:53,605 [INFO] from application in play-dev-mode-akka.actor.default-dispatcher-39 - Extracted Bucket Name: ecopro-aws-bucket
2026-05-02 14:58:53,605 [INFO] from application in play-dev-mode-akka.actor.default-dispatcher-39 - Extracted S3 Key: teaching//user/user.png
2026-05-02 14:58:53,733 [ERROR] from application in play-dev-mode-akka.actor.default-dispatcher-39 - Amazon service error: The AWS Access Key Id you provided does not exist in our records. (Service: Amazon S3; Status Code: 403; Error Code: InvalidAccessKeyId; Request ID: 8W53TC87SBS6H1CQ; S3 Extended Request ID: yQ0DGEawNt9+Zs8CFHiIVbXlWoZrM/WqpDrudcT+1OmJTG6dAqV2iaJh05ugeKurV1iAwNJHaBL7RpsqjVFKfkfIPUqbzPYHr+anN9JHUAs=; Proxy: null)
2026-05-02 14:58:55,117 [DEBUG] from application in play-dev-mode-akka.actor.default-dispatcher-23 - Optional.empty
2026-05-02 14:58:55,130 [INFO] from application in play-dev-mode-akka.actor.default-dispatcher-23 - http://localhost:9037/rajob/rajobDetail/1
2026-05-02 14:58:55,159 [INFO] from application in play-dev-mode-akka.actor.default-dispatcher-23 - http://localhost:9037/file/checkFile/rajob/rajob/1
2026-05-02 14:58:55,168 [INFO] from application in play-dev-mode-akka.actor.default-dispatcher-23 - Received response from backend API: {"dbRecord":null}
2026-05-02 14:58:55,168 [WARN] from application in play-dev-mode-akka.actor.default-dispatcher-23 - Response does not contain 'dbRecord'.
2026-05-02 14:58:55,168 [INFO] from application in play-dev-mode-akka.actor.default-dispatcher-23 - Returning false. File check failed for tableName: rajob, fileType: rajob, tableRecorderId: 1
2026-05-02 14:58:55,168 [INFO] from application in play-dev-mode-akka.actor.default-dispatcher-23 - Result of checkFile: false
2026-05-02 14:58:55,336 [INFO] from application in play-dev-mode-akka.actor.default-dispatcher-23 - Path: https://ecopro-aws-bucket.s3.amazonaws.com/teaching//user/user.png
2026-05-02 14:58:55,336 [INFO] from application in play-dev-mode-akka.actor.default-dispatcher-23 - Original input path: https://ecopro-aws-bucket.s3.amazonaws.com/teaching//user/user.png
2026-05-02 14:58:55,336 [INFO] from application in play-dev-mode-akka.actor.default-dispatcher-23 - url: https://ecopro-aws-bucket.s3.amazonaws.com/teaching//user/user.png
2026-05-02 14:58:55,336 [INFO] from application in play-dev-mode-akka.actor.default-dispatcher-23 - Extracted S3 Key: /teaching//user/user.png
2026-05-02 14:58:55,336 [INFO] from application in play-dev-mode-akka.actor.default-dispatcher-23 - Extracted Bucket Name: ecopro-aws-bucket
2026-05-02 14:58:55,336 [INFO] from application in play-dev-mode-akka.actor.default-dispatcher-23 - Extracted S3 Key: teaching//user/user.png
2026-05-02 14:58:55,384 [ERROR] from application in play-dev-mode-akka.actor.default-dispatcher-23 - Amazon service error: The AWS Access Key Id you provided does not exist in our records. (Service: Amazon S3; Status Code: 403; Error Code: InvalidAccessKeyId; Request ID: S6NBKFDSWDZRKSVR; S3 Extended Request ID: FbXILqxr6zK+P0NqzWlFcNIkvdLsFgt6aYJ9gFqnxghr4lONeew4UUDrZRQ4GhDqxcgHzcxTP0GnsnqOTcdgntoqrwnXUrc00ePC1s3M0Q8=; Proxy: null)
2026-05-02 14:58:57,011 [DEBUG] from application in play-dev-mode-akka.actor.default-dispatcher-21 - Optional.empty
2026-05-02 14:58:57,022 [INFO] from application in play-dev-mode-akka.actor.default-dispatcher-21 - http://localhost:9037/job/getApplications/rajob/1?offset=0&pageLimit=100&sortCriteria=id&pageNum=1
2026-05-02 14:58:57,048 [INFO] from application in play-dev-mode-akka.actor.default-dispatcher-21 - http://localhost:9037/rajob/interview/job/1
2026-05-02 14:58:57,185 [INFO] from application in play-dev-mode-akka.actor.default-dispatcher-29 - Path: https://ecopro-aws-bucket.s3.amazonaws.com/teaching//user/user.png
2026-05-02 14:58:57,185 [INFO] from application in play-dev-mode-akka.actor.default-dispatcher-29 - Original input path: https://ecopro-aws-bucket.s3.amazonaws.com/teaching//user/user.png
2026-05-02 14:58:57,185 [INFO] from application in play-dev-mode-akka.actor.default-dispatcher-29 - url: https://ecopro-aws-bucket.s3.amazonaws.com/teaching//user/user.png
2026-05-02 14:58:57,185 [INFO] from application in play-dev-mode-akka.actor.default-dispatcher-29 - Extracted S3 Key: /teaching//user/user.png
2026-05-02 14:58:57,185 [INFO] from application in play-dev-mode-akka.actor.default-dispatcher-29 - Extracted Bucket Name: ecopro-aws-bucket
2026-05-02 14:58:57,185 [INFO] from application in play-dev-mode-akka.actor.default-dispatcher-29 - Extracted S3 Key: teaching//user/user.png
2026-05-02 14:58:57,228 [ERROR] from application in play-dev-mode-akka.actor.default-dispatcher-29 - Amazon service error: The AWS Access Key Id you provided does not exist in our records. (Service: Amazon S3; Status Code: 403; Error Code: InvalidAccessKeyId; Request ID: EPG93ZVSC1JXDV29; S3 Extended Request ID: 7+8kdNGwvjOn0mUACqq001tIXnb0iDWvmFwEvxx0RmV76Gij4tvPtRP9Xfdp4+xNF66+aiWz1xwRyINS9KjJ1RA++/B2fxqqN/O730GnvU4=; Proxy: null)
2026-05-02 14:59:18,059 [DEBUG] from application in play-dev-mode-akka.actor.default-dispatcher-15 - Optional.empty
2026-05-02 14:59:18,066 [INFO] from application in play-dev-mode-akka.actor.default-dispatcher-15 - http://localhost:9037/job/getApplications/rajob/1?offset=0&pageLimit=100&sortCriteria=id&pageNum=1
2026-05-02 14:59:18,099 [INFO] from application in play-dev-mode-akka.actor.default-dispatcher-15 - http://localhost:9037/rajob/interview/job/1
2026-05-02 14:59:18,291 [INFO] from application in play-dev-mode-akka.actor.default-dispatcher-25 - Path: https://ecopro-aws-bucket.s3.amazonaws.com/teaching//user/user.png
2026-05-02 14:59:18,291 [INFO] from application in play-dev-mode-akka.actor.default-dispatcher-25 - Original input path: https://ecopro-aws-bucket.s3.amazonaws.com/teaching//user/user.png
2026-05-02 14:59:18,291 [INFO] from application in play-dev-mode-akka.actor.default-dispatcher-25 - url: https://ecopro-aws-bucket.s3.amazonaws.com/teaching//user/user.png
2026-05-02 14:59:18,291 [INFO] from application in play-dev-mode-akka.actor.default-dispatcher-25 - Extracted S3 Key: /teaching//user/user.png
2026-05-02 14:59:18,291 [INFO] from application in play-dev-mode-akka.actor.default-dispatcher-25 - Extracted Bucket Name: ecopro-aws-bucket
2026-05-02 14:59:18,291 [INFO] from application in play-dev-mode-akka.actor.default-dispatcher-25 - Extracted S3 Key: teaching//user/user.png
2026-05-02 14:59:18,426 [ERROR] from application in play-dev-mode-akka.actor.default-dispatcher-25 - Amazon service error: The AWS Access Key Id you provided does not exist in our records. (Service: Amazon S3; Status Code: 403; Error Code: InvalidAccessKeyId; Request ID: FB9MP5Q0MV7GN7AG; S3 Extended Request ID: QTKr1eWFJrCwjU3R9Q5bRNF5YVgwzulXyJ2LjkTTUywEQTNDSRBqI/3TXoll9SvPoDr8sCA1p5+WvXbLHVqbNeabzTIg5sZ68Uz6Fh3BgJY=; Proxy: null)
2026-05-02 14:59:28,937 [DEBUG] from application in play-dev-mode-akka.actor.default-dispatcher-6 - Optional.empty
2026-05-02 14:59:28,949 [INFO] from application in play-dev-mode-akka.actor.default-dispatcher-6 - http://freegeoip.net/json/0:0:0:0:0:0:0:1
2026-05-02 14:59:29,035 [INFO] from application in ForkJoinPool.commonPool-worker-13 - 500
2026-05-02 14:59:29,213 [INFO] from application in play-dev-mode-akka.actor.default-dispatcher-21 - Path: https://ecopro-aws-bucket.s3.amazonaws.com/teaching//user/user.png
2026-05-02 14:59:29,213 [INFO] from application in play-dev-mode-akka.actor.default-dispatcher-21 - Original input path: https://ecopro-aws-bucket.s3.amazonaws.com/teaching//user/user.png
2026-05-02 14:59:29,213 [INFO] from application in play-dev-mode-akka.actor.default-dispatcher-21 - url: https://ecopro-aws-bucket.s3.amazonaws.com/teaching//user/user.png
2026-05-02 14:59:29,213 [INFO] from application in play-dev-mode-akka.actor.default-dispatcher-21 - Extracted S3 Key: /teaching//user/user.png
2026-05-02 14:59:29,213 [INFO] from application in play-dev-mode-akka.actor.default-dispatcher-21 - Extracted Bucket Name: ecopro-aws-bucket
2026-05-02 14:59:29,213 [INFO] from application in play-dev-mode-akka.actor.default-dispatcher-21 - Extracted S3 Key: teaching//user/user.png
2026-05-02 14:59:29,385 [ERROR] from application in play-dev-mode-akka.actor.default-dispatcher-21 - Amazon service error: The AWS Access Key Id you provided does not exist in our records. (Service: Amazon S3; Status Code: 403; Error Code: InvalidAccessKeyId; Request ID: XMPYCCPZ58ABBGXN; S3 Extended Request ID: w+EbOJ+i+9VWcn9Qd1IdJAvat728cTS3ERkk97z1WFbS0GWXktlnDKz+pQ7r7QAbqSbEKtNGvF5Dt7JpLj6ZGhkSHHUfuna32mX5NqiNq4M=; Proxy: null)
